--- premise stats [trigger_labels_0.npz] n=1200 ---
  EVICT    L0 evict=0.372 window=0.119 suffix=0.509 (ev p10/p50/p90 [0.338 0.371 0.408])
  EVICT    L1 evict=0.484 window=0.083 suffix=0.433 (ev p10/p50/p90 [0.439 0.49  0.519])
  EVICT    L2 evict=0.411 window=0.098 suffix=0.490 (ev p10/p50/p90 [0.35  0.413 0.475])
  WINDOW   L0 evict=0.181 window=0.348 suffix=0.471 (ev p10/p50/p90 [0.158 0.181 0.21 ])
  WINDOW   L1 evict=0.131 window=0.461 suffix=0.408 (ev p10/p50/p90 [0.11  0.13  0.151])
  WINDOW   L2 evict=0.120 window=0.454 suffix=0.426 (ev p10/p50/p90 [0.1   0.118 0.146])
  GENERIC  L0 evict=0.264 window=0.157 suffix=0.578 (ev p10/p50/p90 [0.231 0.266 0.293])
  GENERIC  L1 evict=0.235 window=0.101 suffix=0.663 (ev p10/p50/p90 [0.171 0.236 0.282])
  GENERIC  L2 evict=0.131 window=0.074 suffix=0.795 (ev p10/p50/p90 [0.091 0.127 0.178])
  ORACLE evicted-mass AUC (evict vs rest): 1.0000
  ORACLE evicted-mass AUC (evict vs window): 1.0000
C=0.003 cv_auc=1.0000
C=0.01 cv_auc=1.0000
C=0.03 cv_auc=1.0000
C=0.1 cv_auc=1.0000
C=0.3 cv_auc=1.0000
chosen C=0.003 (cv_auc=1.0000)
--- premise stats [trigger_labels_1.npz] n=360 ---
  EVICT    L0 evict=0.396 window=0.115 suffix=0.489 (ev p10/p50/p90 [0.379 0.393 0.422])
  EVICT    L1 evict=0.498 window=0.079 suffix=0.423 (ev p10/p50/p90 [0.466 0.496 0.528])
  EVICT    L2 evict=0.414 window=0.090 suffix=0.496 (ev p10/p50/p90 [0.374 0.405 0.476])
  WINDOW   L0 evict=0.181 window=0.362 suffix=0.457 (ev p10/p50/p90 [0.145 0.182 0.199])
  WINDOW   L1 evict=0.130 window=0.461 suffix=0.409 (ev p10/p50/p90 [0.116 0.128 0.147])
  WINDOW   L2 evict=0.120 window=0.445 suffix=0.435 (ev p10/p50/p90 [0.1   0.119 0.148])
  GENERIC  L0 evict=0.266 window=0.155 suffix=0.579 (ev p10/p50/p90 [0.24  0.266 0.3  ])
  GENERIC  L1 evict=0.238 window=0.102 suffix=0.660 (ev p10/p50/p90 [0.21  0.237 0.282])
  GENERIC  L2 evict=0.128 window=0.069 suffix=0.803 (ev p10/p50/p90 [0.091 0.125 0.17 ])
  ORACLE evicted-mass AUC (evict vs rest): 1.0000
  ORACLE evicted-mass AUC (evict vs window): 1.0000
EVAL AUC evict-vs-all:     1.0000
EVAL AUC evict-vs-window:  1.0000
EVAL AUC evict-vs-generic: 1.0000
TRIGGER_TRAIN_DONE cv_auc=1.0000
